Microchip MPLAB XC8 Compiler V2.45

Linker command line:

-W-3 \
  --edf=C:\Program Files\Microchip\xc8\v2.45\pic\dat\20230818022343_en.msgs \
  -cn -h+dist/default/debug\Arvore.X.debug.sym \
  --cmf=dist/default/debug\Arvore.X.debug.cmf -z -Q16F628A \
  -oC:\Users\Andrey\AppData\Local\Temp\xcAsf0s.\driver_tmp_3.o \
  --defsym=__MPLAB_BUILD=1 --fixupoverflow=error \
  -Mdist/default/debug/Arvore.X.debug.map \
  --md=C:\Users\Andrey\AppData\Local\Temp\xcAsf0s.\driver_tmp_0.dat -E1 \
  -ver=XC8 Compiler --acfsm=1493 -ACODE=00h-07FFh -ASTRCODE=00h-07FFh \
  -ASTRING=00h-0FFhx8 -ACONST=00h-0FFhx8 -AENTRY=00h-0FFhx8 \
  -ACOMMON=070h-07Fh -ABANK0=020h-06Fh -ABANK1=0A0h-0EFh \
  -ABANK2=0120h-014Fh -ARAM=020h-06Fh,0A0h-0EFh,0120h-014Fh \
  -AABS1=020h-07Fh,0A0h-0EFh,0120h-014Fh -ASFR0=00h-01Fh -ASFR1=080h-09Fh \
  -ASFR2=0100h-011Fh -ASFR3=0180h-01EFh -ACONFIG=02007h-02007h -DCONFIG=2 \
  -AIDLOC=02000h-02003h -DIDLOC=2 -AEEDATA=00h-07Fh/02100h \
  -peeprom_data=EEDATA -DEEDATA=2 -DCODE=2 -DSTRCODE=2 -DSTRING=2 -DCONST=2 \
  -DENTRY=2 -preset_vec=00h,intentry=04h,init,end_init -ppowerup=CODE \
  -pcinit=CODE -pfunctab=ENTRY -k \
  C:\Users\Andrey\AppData\Local\Temp\xcAsf0s.\driver_tmp_12.o \
  dist/default/debug\Arvore.X.debug.o 

Object code version is 3.11

Machine type is 16F628A



                Name                               Link     Load   Length Selector   Space Scale
C:\Users\Andrey\AppData\Local\Temp\xcAsf0s.\driver_tmp_12.o
                end_init                              C        C        1        8       0
                reset_vec                             0        0        1        0       0
                config                             2007     2007        1        0       4
dist/default/debug\Arvore.X.debug.o
                cinit                                 D        D        8        8       0
                intentry                              4        4        8        8       0
                config                             2007     2007        1        0       4
                text9                               111      111       1A        8       0
                text8                               15D      15D        D        8       0
                text7                                15       15       6D        8       0
                text6                               14F      14F        E        8       0
                text5                               172      172        6        8       0
                text4                               12B      12B       15        8       0
                text3                                DF       DF       32        8       0
                text2                                82       82       5D        8       0
                text1                               178      178        2        8       0
                maintext                            140      140        F        8       0
                cstackCOMMON                         70       70        A       70       1
                clrtext                             16A      16A        8        8       0
                bssBANK0                             20       20       32       20       1
                bssCOMMON                            7A       7A        1       70       1

TOTAL           Name                               Link     Load   Length     Space
        CLASS   CODE           
                end_init                              C        C        1         0
                cinit                                 D        D        8         0
                intentry                              4        4        8         0
                reset_vec                             0        0        1         0
                text9                               111      111       1A         0
                text8                               15D      15D        D         0
                text7                                15       15       6D         0
                text6                               14F      14F        E         0
                text5                               172      172        6         0
                text4                               12B      12B       15         0
                text3                                DF       DF       32         0
                text2                                82       82       5D         0
                text1                               178      178        2         0
                maintext                            140      140        F         0
                clrtext                             16A      16A        8         0

        CLASS   STRCODE        

        CLASS   STRING         

        CLASS   CONST          

        CLASS   ENTRY          

        CLASS   COMMON         
                cstackCOMMON                         70       70        A         1
                bssCOMMON                            7A       7A        1         1

        CLASS   BANK0          
                bssBANK0                             20       20       32         1

        CLASS   BANK1          

        CLASS   BANK2          

        CLASS   RAM            

        CLASS   ABS1           
                abs_s1                               7E       7E        2         1

        CLASS   SFR0           

        CLASS   SFR1           

        CLASS   SFR2           

        CLASS   SFR3           

        CLASS   CONFIG         
                config                             2007     2007        1         4

        CLASS   IDLOC          

        CLASS   EEDATA         

        CLASS   BANK3          

        CLASS   HEAP           

        CLASS   STACK          



SEGMENTS        Name                           Load    Length   Top    Selector   Space  Class     Delta

                reset_vec                      000000  000001  000001         0       0  CODE        2
                intentry                       000004  000176  00017A         8       0  CODE        2
                bssBANK0                       000020  000032  000052        20       1  BANK0       1
                cstackCOMMON                   000070  00000B  00007B        70       1  COMMON      1


UNUSED ADDRESS RANGES

        Name                Unused          Largest block    Delta
        BANK0            0052-006F             1E           1
        BANK1            00A0-00EF             50           1
        BANK2            0120-014F             30           1
        CODE             0001-0003              3           2
                         017A-07FF            686
        COMMON           007B-007D              3           1
        CONST            0001-0003              3           2
                         017A-07FF            100
        EEDATA           2100-217F             80           2
        ENTRY            0001-0003              3           2
                         017A-07FF            100
        IDLOC            2000-2003              4           2
        RAM              0052-006F             1E           1
                         00A0-00EF             50
                         0120-014F             30
        SFR0             0000-001F             20           1
        SFR1             0080-009F             20           1
        SFR2             0100-011F             20           1
        SFR3             0180-01EF             70           1
        STRCODE          0001-0003              3           2
                         017A-07FF            686
        STRING           0001-0003              3           2
                         017A-07FF            100

                                  Symbol Table

Init_Saidas@i                 cstackCOMMON 0073
Task_Saida@i                  cstackCOMMON 0078
_GIE                          (abs)        005F
_INTCONbits                   (abs)        000B
_Inicializar_Hardware         text5        0172
_Init_Osc                     text8        015D
_Init_Saidas                  text7        0015
_Init_Timer                   text6        014F
_OPTION_REGbits               (abs)        0081
_PCONbits                     (abs)        008E
_PEIE                         (abs)        005E
_PORTA                        (abs)        0005
_Pino                         bssBANK0     0020
_T0IE                         (abs)        005D
_TMR0                         (abs)        0001
_TRISA                        (abs)        0085
_Task_Saida                   text2        0082
__H__absolute__               __absolute__ 0000
__Habs1                       abs1         0000
__Hbank0                      bank0        0000
__Hbank1                      bank1        0000
__Hbank2                      bank2        0000
__Hbank3                      bank3        0000
__HbssBANK0                   bssBANK0     0000
__HbssCOMMON                  bssCOMMON    0000
__Hcinit                      cinit        0015
__Hclrtext                    clrtext      0000
__Hcode                       code         0000
__Hcommon                     common       0000
__Hconfig                     config       2008
__HcstackCOMMON               cstackCOMMON 0000
__Heeprom_data                eeprom_data  0000
__Hend_init                   end_init     000D
__Hfunctab                    functab      0000
__Hheap                       heap         0000
__Hinit                       init         000C
__Hintentry                   intentry     000C
__Hmaintext                   maintext     0000
__Hpowerup                    powerup      0000
__Hram                        ram          0000
__Hreset_vec                  reset_vec    0001
__Hsfr0                       sfr0         0000
__Hsfr1                       sfr1         0000
__Hsfr2                       sfr2         0000
__Hsfr3                       sfr3         0000
__Hspace_0                    (abs)        017A
__Hspace_1                    (abs)        007B
__Hspace_2                    (abs)        0000
__Hspace_3                    (abs)        0000
__Hspace_4                    (abs)        400F
__Hstack                      stack        0000
__Hstrings                    strings      0000
__Htext                       text         0000
__L__absolute__               __absolute__ 0000
__Labs1                       abs1         0000
__Lbank0                      bank0        0000
__Lbank1                      bank1        0000
__Lbank2                      bank2        0000
__Lbank3                      bank3        0000
__LbssBANK0                   bssBANK0     0000
__LbssCOMMON                  bssCOMMON    0000
__Lcinit                      cinit        000D
__Lclrtext                    clrtext      0000
__Lcode                       code         0000
__Lcommon                     common       0000
__Lconfig                     config       0000
__LcstackCOMMON               cstackCOMMON 0000
__Leeprom_data                eeprom_data  0000
__Lend_init                   end_init     000C
__Lfunctab                    functab      0000
__Lheap                       heap         0000
__Linit                       init         000C
__Lintentry                   intentry     0004
__Lmaintext                   maintext     0000
__Lpowerup                    powerup      0000
__Lram                        ram          0000
__Lreset_vec                  reset_vec    0000
__Lsfr0                       sfr0         0000
__Lsfr1                       sfr1         0000
__Lsfr2                       sfr2         0000
__Lsfr3                       sfr3         0000
__Lspace_0                    (abs)        0000
__Lspace_1                    (abs)        0000
__Lspace_2                    (abs)        0000
__Lspace_3                    (abs)        0000
__Lspace_4                    (abs)        0000
__Lstack                      stack        0000
__Lstrings                    strings      0000
__Ltext                       text         0000
__S0                          (abs)        017A
__S1                          (abs)        007B
__S3                          (abs)        0000
___bmul                       text4        012B
___bmul@multiplicand          cstackCOMMON 0073
___bmul@multiplier            cstackCOMMON 0075
___bmul@product               cstackCOMMON 0074
___heap_hi                    (abs)        0000
___heap_lo                    (abs)        0000
___int_sp                     stack        0000
___int_stack_hi               stack        0000
___int_stack_lo               stack        0000
___latbits                    (abs)        0000
___sp                         stack        0000
___stack_hi                   stack        0000
___stack_lo                   stack        0000
___stackhi                    (abs)        0000
___stacklo                    (abs)        0000
__end_of_Inicializar_Hardware text5        0178
__end_of_Init_Osc             text8        016A
__end_of_Init_Saidas          text7        0082
__end_of_Init_Timer           text6        015D
__end_of_Task_Saida           text2        00DF
__end_of___bmul               text4        0140
__end_of__initialization      cinit        0013
__end_of_acionaSaida          text3        0111
__end_of_interruptsManager    text9        012B
__end_of_main                 maintext     014F
__end_of_tempo100_ms          text1        017A
__initialization              cinit        000D
__pbssBANK0                   bssBANK0     0020
__pbssCOMMON                  bssCOMMON    007A
__pcstackCOMMON               cstackCOMMON 0070
__pintentry                   intentry     0004
__pmaintext                   maintext     0140
__ptext1                      text1        0178
__ptext2                      text2        0082
__ptext3                      text3        00DF
__ptext4                      text4        012B
__ptext5                      text5        0172
__ptext6                      text6        014F
__ptext7                      text7        0015
__ptext8                      text8        015D
__ptext9                      text9        0111
_acionaSaida                  text3        00DF
_counter_100ms                bssCOMMON    007A
_interruptsManager            text9        0111
_main                         maintext     0140
_tempo100_ms                  text1        0178
acionaSaida@pino              cstackCOMMON 0075
btemp                         (abs)        007E
clear_ram0                    clrtext      016A
end_of_initialization         cinit        0013
interrupt_function            intentry     0004
intlevel0                     functab      0000
intlevel1                     functab      0000
intlevel2                     functab      0000
intlevel3                     functab      0000
intlevel4                     functab      0000
intlevel5                     functab      0000
reset_vec                     reset_vec    0000
saved_w                       (abs)        007E
start                         init         000C
start_initialization          cinit        000D
wtemp0                        (abs)        007E


MODULE INFORMATION

Module		Function		Class		Link	Load	Size
C:\Program Files\Microchip\xc8\v2.45\pic\sources\c99\common\Umul8.c
		___bmul        		CODE           	012B	0000	21

C:\Program Files\Microchip\xc8\v2.45\pic\sources\c99\common\Umul8.c estimated size: 21

Saida.c
		_Init_Saidas   		CODE           	0015	0000	109
		_acionaSaida   		CODE           	00DF	0000	50
		_Task_Saida    		CODE           	0082	0000	93

Saida.c estimated size: 252

Init.c
		_Inicializar_Hardware		CODE           	0172	0000	6
		_Init_Timer    		CODE           	014F	0000	14
		_Init_Osc      		CODE           	015D	0000	13

Init.c estimated size: 33

shared
		__initialization		CODE           	000D	0000	6

shared estimated size: 6

main.c
		_main          		CODE           	0140	0000	15
		_tempo100_ms   		CODE           	0178	0000	2
		_interruptsManager		CODE           	0111	0000	26

main.c estimated size: 43

