Microchip MPLAB XC8 Compiler V2.32

Linker command line:

-W-3 --edf=C:\Program Files\Microchip\xc8\v2.32\pic\dat\en_msgs.txt -cn \
  -h+dist/default/production\Arvore.X.production.sym \
  --cmf=dist/default/production\Arvore.X.production.cmf -z -Q16F628A \
  -oC:\Users\ANDREY~1.HIE\AppData\Local\Temp\xcAsc88.5 \
  --defsym=__MPLAB_BUILD=1 \
  -Mdist/default/production/Arvore.X.production.map -E1 -ver=XC8 Compiler \
  --acfsm=1493 -ASTACK=0A0h-0EFh -pstack=STACK -ACODE=00h-07FFh \
  -ASTRCODE=00h-07FFh -ASTRING=00h-0FFhx8 -ACONST=00h-0FFhx8 \
  -AENTRY=00h-0FFhx8 -ACOMMON=070h-07Fh -ABANK0=020h-06Fh -ABANK1=0A0h-0EFh \
  -ABANK2=0120h-014Fh -ARAM=020h-06Fh,0A0h-0EFh,0120h-014Fh \
  -AABS1=020h-07Fh,0A0h-0EFh,0120h-014Fh -ASFR0=00h-01Fh -ASFR1=080h-09Fh \
  -ASFR2=0100h-011Fh -ASFR3=0180h-01EFh -ACONFIG=02007h-02007h -DCONFIG=2 \
  -AIDLOC=02000h-02003h -DIDLOC=2 -AEEDATA=00h-07Fh/02100h \
  -peeprom_data=EEDATA -DEEDATA=2 -DCODE=2 -DSTRCODE=2 -DSTRING=2 -DCONST=2 \
  -DENTRY=2 -preset_vec=00h,intentry=04h,init,end_init -ppowerup=CODE \
  -pcinit=CODE -pfunctab=ENTRY -k \
  C:\Users\ANDREY~1.HIE\AppData\Local\Temp\xcAsc88.o \
  dist/default/production\Arvore.X.production.o 

Object code version is 3.11

Machine type is 16F628A



                Name                               Link     Load   Length Selector   Space Scale
C:\Users\ANDREY~1.HIE\AppData\Local\Temp\xcAsc88.o
                end_init                              A        A        1        8       0
                reset_vec                             0        0        1        0       0
                config                             2007     2007        1        0       4
dist/default/production\Arvore.X.production.o
                cinit                                 B        B        A        8       0
                intentry                              4        4        6        8       0
                config                             2007     2007        1        0       4
                text9                               1AF      1AF       18        8       0
                text8                               1FD      1FD        D        8       0
                text7                               1C7      1C7       15        8       0
                text6                                CE       CE       AF        8       0
                text5                               1EE      1EE        F        8       0
                text4                               212      212        6        8       0
                text3                               17D      17D       32        8       0
                text2                                15       15       B9        8       0
                text1                               218      218        2        8       0
                maintext                            1DC      1DC       12        8       0
                cstackBANK0                          62       62        7       20       1
                cstackCOMMON                         70       70        8       70       1
                clrtext                             20A      20A        8        8       0
                bssBANK0                             20       20       42       20       1
                bssCOMMON                            78       78        3       70       1

TOTAL           Name                               Link     Load   Length     Space
        CLASS   STACK          

        CLASS   CODE           
                end_init                              A        A        1         0
                cinit                                 B        B        A         0
                intentry                              4        4        6         0
                reset_vec                             0        0        1         0
                text9                               1AF      1AF       18         0
                text8                               1FD      1FD        D         0
                text7                               1C7      1C7       15         0
                text6                                CE       CE       AF         0
                text5                               1EE      1EE        F         0
                text4                               212      212        6         0
                text3                               17D      17D       32         0
                text2                                15       15       B9         0
                text1                               218      218        2         0
                maintext                            1DC      1DC       12         0
                clrtext                             20A      20A        8         0

        CLASS   STRCODE        

        CLASS   STRING         

        CLASS   CONST          

        CLASS   ENTRY          

        CLASS   COMMON         
                cstackCOMMON                         70       70        8         1
                bssCOMMON                            78       78        3         1

        CLASS   BANK0          
                cstackBANK0                          62       62        7         1
                bssBANK0                             20       20       42         1

        CLASS   BANK1          

        CLASS   BANK2          

        CLASS   RAM            

        CLASS   ABS1           
                abs_s1                               7E       7E        2         1

        CLASS   SFR0           

        CLASS   SFR1           

        CLASS   SFR2           

        CLASS   SFR3           

        CLASS   CONFIG         
                config                             2007     2007        1         4

        CLASS   IDLOC          

        CLASS   EEDATA         

        CLASS   BANK3          



SEGMENTS        Name                           Load    Length   Top    Selector   Space  Class     Delta

                reset_vec                      000000  000001  000001         0       0  CODE        2
                intentry                       000004  000216  00021A         8       0  CODE        2
                bssBANK0                       000020  000049  000069        20       1  BANK0       1
                cstackCOMMON                   000070  00000B  00007B        70       1  COMMON      1


UNUSED ADDRESS RANGES

        Name                Unused          Largest block    Delta
        BANK0            0069-006F              7           1
        BANK1            00A0-00EF             50           1
        BANK2            0120-014F             30           1
        CODE             0001-0003              3           2
                         021A-07FF            5E6
        COMMON           007B-007D              3           1
        CONST            0001-0003              3           2
                         021A-07FF            100
        EEDATA           2100-217F             80           2
        ENTRY            0001-0003              3           2
                         021A-07FF            100
        IDLOC            2000-2003              4           2
        RAM              0069-006F              7           1
                         00A0-00EF             50
                         0120-014F             30
        SFR0             0000-001F             20           1
        SFR1             0080-009F             20           1
        SFR2             0100-011F             20           1
        SFR3             0180-01EF             70           1
        STACK            00A0-00EF             50           1
        STRCODE          0001-0003              3           2
                         021A-07FF            5E6
        STRING           0001-0003              3           2
                         021A-07FF            100

                                  Symbol Table

Init_Saidas@i                  cstackCOMMON 0077
Task_Saida@i                   cstackCOMMON 0077
_INTCONbits                    (abs)        000B
_Inicializar_Hardware          text4        0212
_Init_Osc                      text8        01FD
_Init_Saidas                   text6        00CE
_Init_Timer                    text5        01EE
_OPTION_REGbits                (abs)        0081
_PCONbits                      (abs)        008E
_PORTA                         (abs)        0005
_PORTB                         (abs)        0006
_Pino                          bssBANK0     0020
_PortA_extra                   bssCOMMON    007A
_TMR0                          (abs)        0001
_TRISA                         (abs)        0085
_TRISB                         (abs)        0086
_Task_Saida                    text2        0015
__Habs1                        abs1         0000
__Hbank0                       bank0        0000
__Hbank1                       bank1        0000
__Hbank2                       bank2        0000
__Hbank3                       bank3        0000
__HbssBANK0                    bssBANK0     0000
__HbssCOMMON                   bssCOMMON    0000
__Hcinit                       cinit        0015
__Hclrtext                     clrtext      0000
__Hcode                        code         0000
__Hcommon                      common       0000
__Hconfig                      config       2008
__HcstackBANK0                 cstackBANK0  0000
__HcstackCOMMON                cstackCOMMON 0000
__Heeprom_data                 eeprom_data  0000
__Hend_init                    end_init     000B
__Hfunctab                     functab      0000
__Hinit                        init         000A
__Hintentry                    intentry     000A
__Hmaintext                    maintext     0000
__Hpowerup                     powerup      0000
__Hram                         ram          0000
__Hreset_vec                   reset_vec    0001
__Hsfr0                        sfr0         0000
__Hsfr1                        sfr1         0000
__Hsfr2                        sfr2         0000
__Hsfr3                        sfr3         0000
__Hspace_0                     (abs)        021A
__Hspace_1                     (abs)        007B
__Hspace_2                     (abs)        0000
__Hspace_3                     (abs)        0000
__Hspace_4                     (abs)        400F
__Hstack                       stack        0000
__Hstrings                     strings      0000
__Htext                        text         0000
__Labs1                        abs1         0000
__Lbank0                       bank0        0000
__Lbank1                       bank1        0000
__Lbank2                       bank2        0000
__Lbank3                       bank3        0000
__LbssBANK0                    bssBANK0     0000
__LbssCOMMON                   bssCOMMON    0000
__Lcinit                       cinit        000B
__Lclrtext                     clrtext      0000
__Lcode                        code         0000
__Lcommon                      common       0000
__Lconfig                      config       0000
__LcstackBANK0                 cstackBANK0  0000
__LcstackCOMMON                cstackCOMMON 0000
__Leeprom_data                 eeprom_data  0000
__Lend_init                    end_init     000A
__Lfunctab                     functab      0000
__Linit                        init         000A
__Lintentry                    intentry     0004
__Lmaintext                    maintext     0000
__Lpowerup                     powerup      0000
__Lram                         ram          0000
__Lreset_vec                   reset_vec    0000
__Lsfr0                        sfr0         0000
__Lsfr1                        sfr1         0000
__Lsfr2                        sfr2         0000
__Lsfr3                        sfr3         0000
__Lspace_0                     (abs)        0000
__Lspace_1                     (abs)        0000
__Lspace_2                     (abs)        0000
__Lspace_3                     (abs)        0000
__Lspace_4                     (abs)        0000
__Lstack                       stack        0000
__Lstrings                     strings      0000
__Ltext                        text         0000
__S0                           (abs)        021A
__S1                           (abs)        007B
__S2                           (abs)        0000
__S3                           (abs)        0000
___bmul                        text7        01C7
___bmul@multiplicand           cstackCOMMON 0073
___bmul@multiplier             cstackCOMMON 0076
___bmul@product                cstackCOMMON 0075
___int_sp                      stack        0000
___latbits                     (abs)        0000
___sp                          stack        0000
___stackhi                     (abs)        0000
___stacklo                     (abs)        0000
__end_of_Inicializar_Hardware  text4        0218
__end_of_Init_Osc              text8        020A
__end_of_Init_Saidas           text6        017D
__end_of_Init_Timer            text5        01FD
__end_of_Task_Saida            text2        00CE
__end_of___bmul                text7        01DC
__end_of__initialization       cinit        0013
__end_of_acionaSaida           text3        01AF
__end_of_interruptsManager     text9        01C7
__end_of_main                  maintext     01EE
__end_of_tempo100_ms           text1        021A
__initialization               cinit        000B
__pbssBANK0                    bssBANK0     0020
__pbssCOMMON                   bssCOMMON    0078
__pcstackBANK0                 cstackBANK0  0062
__pcstackCOMMON                cstackCOMMON 0070
__pintentry                    intentry     0004
__pmaintext                    maintext     01DC
__ptext1                       text1        0218
__ptext2                       text2        0015
__ptext3                       text3        017D
__ptext4                       text4        0212
__ptext5                       text5        01EE
__ptext6                       text6        00CE
__ptext7                       text7        01C7
__ptext8                       text8        01FD
__ptext9                       text9        01AF
__size_of_Inicializar_Hardware (abs)        0000
__size_of_Init_Osc             (abs)        0000
__size_of_Init_Saidas          (abs)        0000
__size_of_Init_Timer           (abs)        0000
__size_of_Task_Saida           (abs)        0000
__size_of___bmul               (abs)        0000
__size_of_acionaSaida          (abs)        0000
__size_of_interruptsManager    (abs)        0000
__size_of_main                 (abs)        0000
__size_of_tempo100_ms          (abs)        0000
_acionaSaida                   text3        017D
_counter_100ms                 bssCOMMON    0079
_interruptsManager             text9        01AF
_main                          maintext     01DC
_tempo100_ms                   text1        0218
acionaSaida@pino               cstackCOMMON 0076
btemp                          (abs)        007E
clear_ram0                     clrtext      020A
end_of_initialization          cinit        0013
interrupt_function             intentry     0004
intlevel0                      functab      0000
intlevel1                      functab      0000
intlevel2                      functab      0000
intlevel3                      functab      0000
intlevel4                      functab      0000
intlevel5                      functab      0000
reset_vec                      reset_vec    0000
saved_w                        (abs)        007E
start                          init         000A
start_initialization           cinit        000B
wtemp0                         (abs)        007E


MODULE INFORMATION

Module		Function		Class		Link	Load	Size
C:\Program Files\Microchip\xc8\v2.32\pic\sources\c90\common\Umul8.c
		___bmul        		CODE           	01C7	0000	21

C:\Program Files\Microchip\xc8\v2.32\pic\sources\c90\common\Umul8.c estimated size: 21

Saida.c
		_Init_Saidas   		CODE           	00CE	0000	175
		_acionaSaida   		CODE           	017D	0000	50
		_Task_Saida    		CODE           	0015	0000	185

Saida.c estimated size: 410

Init.c
		_Inicializar_Hardware		CODE           	0212	0000	6
		_Init_Timer    		CODE           	01EE	0000	15
		_Init_Osc      		CODE           	01FD	0000	13

Init.c estimated size: 34

shared
		__initialization		CODE           	000B	0000	8

shared estimated size: 8

main.c
		_main          		CODE           	01DC	0000	18
		_tempo100_ms   		CODE           	0218	0000	2
		_interruptsManager		CODE           	01AF	0000	24

main.c estimated size: 44

